// Jest Snapshot v1, https://goo.gl/fbAQLP

exports[`<App /> should match snapshot 1`] = `
<div
  className="App"
>
  <h1
    className="Header"
  >
    React Wars
  </h1>
  <img
    alt="star wars logo"
    src="https://vignette.wikia.nocookie.net/starwars/images/c/cc/Star-wars-logo-new-tall.jpg/revision/latest?cb=20190313021755"
  />
  <div
    className="character"
  />
</div>
`;
